[debug] [2025-10-12T19:23:42.255Z] ----------------------------------------------------------------------
[debug] [2025-10-12T19:23:42.262Z] Command:       /usr/local/bin/firebase /Users/nickjackson/.cache/firebase/tools/lib/node_modules/firebase-tools/lib/bin/firebase deploy --only functions:sendNotification
[debug] [2025-10-12T19:23:42.262Z] CLI Version:   14.17.0
[debug] [2025-10-12T19:23:42.262Z] Platform:      darwin
[debug] [2025-10-12T19:23:42.262Z] Node Version:  v20.18.2
[debug] [2025-10-12T19:23:42.263Z] Time:          Sun Oct 12 2025 15:23:42 GMT-0400 (Eastern Daylight Time)
[debug] [2025-10-12T19:23:42.263Z] ----------------------------------------------------------------------
[debug] 
[debug] [2025-10-12T19:23:42.458Z] > command requires scopes: ["email","openid","https://www.googleapis.com/auth/cloudplatformprojects.readonly","https://www.googleapis.com/auth/firebase","https://www.googleapis.com/auth/cloud-platform"]
[debug] [2025-10-12T19:23:42.459Z] > authorizing via signed-in user (nick@nejack.com)
[debug] [2025-10-12T19:23:42.460Z] [iam] checking project loop-84b2b for permissions ["cloudfunctions.functions.create","cloudfunctions.functions.delete","cloudfunctions.functions.get","cloudfunctions.functions.list","cloudfunctions.functions.update","cloudfunctions.operations.get","firebase.projects.get"]
[debug] [2025-10-12T19:23:42.462Z] Checked if tokens are valid: true, expires at: 1760300596173
[debug] [2025-10-12T19:23:42.463Z] Checked if tokens are valid: true, expires at: 1760300596173
[debug] [2025-10-12T19:23:42.464Z] >>> [apiv2][query] POST https://cloudresourcemanager.googleapis.com/v1/projects/loop-84b2b:testIamPermissions [none]
[debug] [2025-10-12T19:23:42.464Z] >>> [apiv2][(partial)header] POST https://cloudresourcemanager.googleapis.com/v1/projects/loop-84b2b:testIamPermissions x-goog-quota-user=projects/loop-84b2b
[debug] [2025-10-12T19:23:42.464Z] >>> [apiv2][body] POST https://cloudresourcemanager.googleapis.com/v1/projects/loop-84b2b:testIamPermissions {"permissions":["cloudfunctions.functions.create","cloudfunctions.functions.delete","cloudfunctions.functions.get","cloudfunctions.functions.list","cloudfunctions.functions.update","cloudfunctions.operations.get","firebase.projects.get"]}
[debug] [2025-10-12T19:23:42.746Z] <<< [apiv2][status] POST https://cloudresourcemanager.googleapis.com/v1/projects/loop-84b2b:testIamPermissions 200
[debug] [2025-10-12T19:23:42.747Z] <<< [apiv2][body] POST https://cloudresourcemanager.googleapis.com/v1/projects/loop-84b2b:testIamPermissions {"permissions":["cloudfunctions.functions.create","cloudfunctions.functions.delete","cloudfunctions.functions.get","cloudfunctions.functions.list","cloudfunctions.functions.update","cloudfunctions.operations.get","firebase.projects.get"]}
[debug] [2025-10-12T19:23:42.747Z] Checked if tokens are valid: true, expires at: 1760300596173
[debug] [2025-10-12T19:23:42.747Z] Checked if tokens are valid: true, expires at: 1760300596173
[debug] [2025-10-12T19:23:42.748Z] >>> [apiv2][query] POST https://iam.googleapis.com/v1/projects/loop-84b2b/serviceAccounts/loop-84b2b@appspot.gserviceaccount.com:testIamPermissions [none]
[debug] [2025-10-12T19:23:42.748Z] >>> [apiv2][body] POST https://iam.googleapis.com/v1/projects/loop-84b2b/serviceAccounts/loop-84b2b@appspot.gserviceaccount.com:testIamPermissions {"permissions":["iam.serviceAccounts.actAs"]}
[debug] [2025-10-12T19:23:42.913Z] <<< [apiv2][status] POST https://iam.googleapis.com/v1/projects/loop-84b2b/serviceAccounts/loop-84b2b@appspot.gserviceaccount.com:testIamPermissions 200
[debug] [2025-10-12T19:23:42.914Z] <<< [apiv2][body] POST https://iam.googleapis.com/v1/projects/loop-84b2b/serviceAccounts/loop-84b2b@appspot.gserviceaccount.com:testIamPermissions {"permissions":["iam.serviceAccounts.actAs"]}
[info] 
[info] === Deploying to 'loop-84b2b'...
[info] 
[info] i  deploying functions 
[info] ✔  functions: Finished running predeploy script. 
[debug] [2025-10-12T19:23:42.922Z] Checked if tokens are valid: true, expires at: 1760300596173
[debug] [2025-10-12T19:23:42.923Z] Checked if tokens are valid: true, expires at: 1760300596173
[debug] [2025-10-12T19:23:42.923Z] >>> [apiv2][query] GET https://cloudresourcemanager.googleapis.com/v1/projects/loop-84b2b [none]
[debug] [2025-10-12T19:23:43.038Z] <<< [apiv2][status] GET https://cloudresourcemanager.googleapis.com/v1/projects/loop-84b2b 200
[debug] [2025-10-12T19:23:43.038Z] <<< [apiv2][body] GET https://cloudresourcemanager.googleapis.com/v1/projects/loop-84b2b {"projectNumber":"756241258010","projectId":"loop-84b2b","lifecycleState":"ACTIVE","name":"Loop","labels":{"firebase":"enabled","firebase-core":"disabled"},"createTime":"2025-09-19T17:53:48.866920Z"}
[info] i  functions: preparing codebase default for deployment 
[info] i  functions: ensuring required API cloudfunctions.googleapis.com is enabled... 
[info] i  functions: ensuring required API cloudbuild.googleapis.com is enabled... 
[info] i  artifactregistry: ensuring required API artifactregistry.googleapis.com is enabled... 
[debug] [2025-10-12T19:23:43.042Z] Checked if tokens are valid: true, expires at: 1760300596173
[debug] [2025-10-12T19:23:43.042Z] Checked if tokens are valid: true, expires at: 1760300596173
[debug] [2025-10-12T19:23:43.042Z] >>> [apiv2][query] GET https://firebase.googleapis.com/v1beta1/projects/loop-84b2b/adminSdkConfig [none]
[debug] [2025-10-12T19:23:43.425Z] <<< [apiv2][status] GET https://firebase.googleapis.com/v1beta1/projects/loop-84b2b/adminSdkConfig 200
[debug] [2025-10-12T19:23:43.426Z] <<< [apiv2][body] GET https://firebase.googleapis.com/v1beta1/projects/loop-84b2b/adminSdkConfig {"projectId":"loop-84b2b","storageBucket":"loop-84b2b.firebasestorage.app"}
[debug] [2025-10-12T19:23:43.426Z] Checked if tokens are valid: true, expires at: 1760300596173
[debug] [2025-10-12T19:23:43.426Z] Checked if tokens are valid: true, expires at: 1760300596173
[debug] [2025-10-12T19:23:43.427Z] >>> [apiv2][query] GET https://runtimeconfig.googleapis.com/v1beta1/projects/loop-84b2b/configs [none]
[debug] [2025-10-12T19:23:43.645Z] <<< [apiv2][status] GET https://runtimeconfig.googleapis.com/v1beta1/projects/loop-84b2b/configs 200
[debug] [2025-10-12T19:23:43.645Z] <<< [apiv2][body] GET https://runtimeconfig.googleapis.com/v1beta1/projects/loop-84b2b/configs {}
[debug] [2025-10-12T19:23:43.647Z] Validating nodejs source
[warn] ⚠  functions: Runtime Node.js 18 was deprecated on 2025-04-30 and will be decommissioned on 2025-10-30, after which you will not be able to deploy without upgrading. Consider upgrading now to avoid disruption. See https://cloud.google.com/functions/docs/runtime-support for full details on the lifecycle policy 
[debug] [2025-10-12T19:23:43.665Z] checkFunctionsSDKVersion was unable to fetch information from NPM Error: spawnSync npm Unknown system error -8
    at Object.spawnSync (node:internal/child_process:1123:20)
    at Object.spawnSync (node:child_process:877:24)
    at Object.spawnSync (pkg/prelude/bootstrap.js:2092:31)
    at Function.spawnSync [as sync] (/Users/nickjackson/.cache/firebase/tools/lib/node_modules/cross-spawn/index.js:26:23)
    at Object.getLatestSDKVersion (/Users/nickjackson/.cache/firebase/tools/lib/node_modules/firebase-tools/lib/deploy/functions/runtimes/node/versioning.js:54:25)
    at Object.checkFunctionsSDKVersion (/Users/nickjackson/.cache/firebase/tools/lib/node_modules/firebase-tools/lib/deploy/functions/runtimes/node/versioning.js:74:32)
    at Delegate.validate (/Users/nickjackson/.cache/firebase/tools/lib/node_modules/firebase-tools/lib/deploy/functions/runtimes/node/index.js:89:20)
    at loadCodebases (/Users/nickjackson/.cache/firebase/tools/lib/node_modules/firebase-tools/lib/deploy/functions/prepare.js:312:31)
    at async prepare (/Users/nickjackson/.cache/firebase/tools/lib/node_modules/firebase-tools/lib/deploy/functions/prepare.js:63:24)
    at async chain (/Users/nickjackson/.cache/firebase/tools/lib/node_modules/firebase-tools/lib/deploy/index.js:42:9)
[debug] [2025-10-12T19:23:43.666Z] > [functions] package.json contents: {
  "name": "loop-functions",
  "description": "Firebase Cloud Functions for Loop messaging app",
  "version": "1.0.0",
  "main": "index.js",
  "scripts": {
    "serve": "firebase emulators:start --only functions",
    "shell": "firebase functions:shell",
    "start": "npm run shell",
    "deploy": "firebase deploy --only functions",
    "logs": "firebase functions:log"
  },
  "engines": {
    "node": "18"
  },
  "dependencies": {
    "firebase-admin": "^12.0.0",
    "firebase-functions": "^4.5.0"
  },
  "devDependencies": {
    "firebase-functions-test": "^3.1.0"
  },
  "private": true
}
[debug] [2025-10-12T19:23:43.666Z] Building nodejs source
[info] i  functions: Loading and analyzing source code for codebase default to determine what to deploy 
[info] i  functions: You are using a version of firebase-functions SDK (4.9.0) that does not have support for the newest Firebase Extensions features. Please update firebase-functions SDK to >=5.1.0 to use them correctly 
[debug] [2025-10-12T19:23:43.670Z] Could not find functions.yaml. Must use http discovery
[debug] [2025-10-12T19:23:43.691Z] Found firebase-functions binary at '/Users/nickjackson/Library/CloudStorage/Dropbox/Developer/Xcode/Loop/functions/node_modules/.bin/firebase-functions'
[info] Serving at port 8485

[debug] [2025-10-12T19:23:44.772Z] Got response from /__/functions.yaml {"endpoints":{"sendNotification":{"platform":"gcfv1","labels":{},"availableMemoryMb":null,"timeoutSeconds":null,"minInstances":null,"maxInstances":null,"ingressSettings":null,"serviceAccountEmail":null,"vpc":null,"callableTrigger":{},"entryPoint":"sendNotification"}},"specVersion":"v1alpha1","requiredAPIs":[]}
[info] i  functions: preparing functions directory for uploading... 
[info] i  functions: packaged /Users/nickjackson/Library/CloudStorage/Dropbox/Developer/Xcode/Loop/functions (68.96 KB) for uploading 
[debug] [2025-10-12T19:23:48.922Z] Checked if tokens are valid: true, expires at: 1760300596173
[debug] [2025-10-12T19:23:48.923Z] Checked if tokens are valid: true, expires at: 1760300596173
[debug] [2025-10-12T19:23:48.923Z] >>> [apiv2][query] GET https://cloudfunctions.googleapis.com/v1/projects/loop-84b2b/locations/-/functions [none]
[debug] [2025-10-12T19:23:49.462Z] <<< [apiv2][status] GET https://cloudfunctions.googleapis.com/v1/projects/loop-84b2b/locations/-/functions 200
[debug] [2025-10-12T19:23:49.463Z] <<< [apiv2][body] GET https://cloudfunctions.googleapis.com/v1/projects/loop-84b2b/locations/-/functions {"functions":[{"name":"projects/loop-84b2b/locations/us-central1/functions/sendNotification","httpsTrigger":{"url":"https://us-central1-loop-84b2b.cloudfunctions.net/sendNotification","securityLevel":"SECURE_ALWAYS"},"status":"ACTIVE","entryPoint":"sendNotification","timeout":"60s","availableMemoryMb":256,"serviceAccountEmail":"loop-84b2b@appspot.gserviceaccount.com","updateTime":"2025-10-12T18:51:03.494Z","versionId":"2","labels":{"firebase-functions-hash":"d74037e661ec0f2dbcd61a811901cc6556809c90","deployment-tool":"cli-firebase","deployment-callable":"true"},"sourceUploadUrl":"https://storage.googleapis.com/uploads-896853019183.us-central1.cloudfunctions.appspot.com/7399d32e-99c4-4f8b-8cdd-b0ac10309a0a.zip","environmentVariables":{"FIREBASE_CONFIG":"{\"projectId\":\"loop-84b2b\",\"storageBucket\":\"loop-84b2b.firebasestorage.app\"}","GCLOUD_PROJECT":"loop-84b2b","EVENTARC_CLOUD_EVENT_SOURCE":"projects/loop-84b2b/locations/us-central1/functions/sendNotification"},"runtime":"nodejs18","ingressSettings":"ALLOW_ALL","buildId":"19bceec6-968a-463e-bca3-c4d9372ed4eb","buildEnvironmentVariables":{"GOOGLE_NODE_RUN_SCRIPTS":""},"buildName":"projects/756241258010/locations/us-central1/builds/19bceec6-968a-463e-bca3-c4d9372ed4eb","dockerRegistry":"ARTIFACT_REGISTRY","automaticUpdatePolicy":{},"buildServiceAccount":"projects/loop-84b2b/serviceAccounts/756241258010-compute@developer.gserviceaccount.com","satisfiesPzi":true}]}
[debug] [2025-10-12T19:23:49.466Z] Checked if tokens are valid: true, expires at: 1760300596173
[debug] [2025-10-12T19:23:49.467Z] Checked if tokens are valid: true, expires at: 1760300596173
[debug] [2025-10-12T19:23:49.469Z] >>> [apiv2][query] GET https://cloudfunctions.googleapis.com/v2/projects/loop-84b2b/locations/-/functions filter=environment%3D%22GEN_2%22
[debug] [2025-10-12T19:23:50.001Z] <<< [apiv2][status] GET https://cloudfunctions.googleapis.com/v2/projects/loop-84b2b/locations/-/functions 200
[debug] [2025-10-12T19:23:50.001Z] <<< [apiv2][body] GET https://cloudfunctions.googleapis.com/v2/projects/loop-84b2b/locations/-/functions {}
[debug] [2025-10-12T19:23:50.006Z] Checked if tokens are valid: true, expires at: 1760300596173
[debug] [2025-10-12T19:23:50.006Z] Checked if tokens are valid: true, expires at: 1760300596173
[debug] [2025-10-12T19:23:50.006Z] >>> [apiv2][query] GET https://cloudresourcemanager.googleapis.com/v1/projects/loop-84b2b [none]
[debug] [2025-10-12T19:23:50.239Z] <<< [apiv2][status] GET https://cloudresourcemanager.googleapis.com/v1/projects/loop-84b2b 200
[debug] [2025-10-12T19:23:50.239Z] <<< [apiv2][body] GET https://cloudresourcemanager.googleapis.com/v1/projects/loop-84b2b {"projectNumber":"756241258010","projectId":"loop-84b2b","lifecycleState":"ACTIVE","name":"Loop","labels":{"firebase":"enabled","firebase-core":"disabled"},"createTime":"2025-09-19T17:53:48.866920Z"}
[debug] [2025-10-12T19:23:50.240Z] Checked if tokens are valid: true, expires at: 1760300596173
[debug] [2025-10-12T19:23:50.241Z] Checked if tokens are valid: true, expires at: 1760300596173
[debug] [2025-10-12T19:23:50.241Z] >>> [apiv2][query] POST https://cloudfunctions.googleapis.com/v1/projects/loop-84b2b/locations/us-central1/functions:generateUploadUrl [none]
[debug] [2025-10-12T19:23:50.241Z] >>> [apiv2][body] POST https://cloudfunctions.googleapis.com/v1/projects/loop-84b2b/locations/us-central1/functions:generateUploadUrl {}
[debug] [2025-10-12T19:23:50.905Z] <<< [apiv2][status] POST https://cloudfunctions.googleapis.com/v1/projects/loop-84b2b/locations/us-central1/functions:generateUploadUrl 200
[debug] [2025-10-12T19:23:50.907Z] <<< [apiv2][body] POST https://cloudfunctions.googleapis.com/v1/projects/loop-84b2b/locations/us-central1/functions:generateUploadUrl {"uploadUrl":"https://storage.googleapis.com/uploads-896853019183.us-central1.cloudfunctions.appspot.com/6b4609b6-0535-4391-805c-26d410707580.zip?GoogleAccessId=service-756241258010@gcf-admin-robot.iam.gserviceaccount.com&Expires=1760298830&Signature=kV05RL%2FFds8fk%2FHtRyHWeGUOVM2oxiU%2BGOArvCFRPds0%2FjlojquQ2hrFrvtKW78lAtjnAWbe3W02i8mHV%2BAnnQDVhmatr3%2BWYn9pT8h8LKFuCiB4cskR3NDajwo4TPcXLZwyfPUYajNlS%2FmyEarymlNWLTeZ%2FeyfEJWccBG%2FEhRUze4Yx8EzX%2FLyJ9TuMpjak75jz27yN0vlv2l%2FiqQHRXUyDxOYrPpBhLweIdWXpecezQht3Np6PFBdUue607kkJtw2rbrB2ZkcYnc%2FDsJqF60DUJZC3SW4I6QahGRIFGbGnQVTXe93uMaUZLPJF0NO2KhSZRyAA1PlQVpyhcsDTA%3D%3D"}
[debug] [2025-10-12T19:23:50.911Z] >>> [apiv2][query] PUT https://storage.googleapis.com/uploads-896853019183.us-central1.cloudfunctions.appspot.com/6b4609b6-0535-4391-805c-26d410707580.zip GoogleAccessId=service-756241258010%40gcf-admin-robot.iam.gserviceaccount.com&Expires=1760298830&Signature=kV05RL%2FFds8fk%2FHtRyHWeGUOVM2oxiU%2BGOArvCFRPds0%2FjlojquQ2hrFrvtKW78lAtjnAWbe3W02i8mHV%2BAnnQDVhmatr3%2BWYn9pT8h8LKFuCiB4cskR3NDajwo4TPcXLZwyfPUYajNlS%2FmyEarymlNWLTeZ%2FeyfEJWccBG%2FEhRUze4Yx8EzX%2FLyJ9TuMpjak75jz27yN0vlv2l%2FiqQHRXUyDxOYrPpBhLweIdWXpecezQht3Np6PFBdUue607kkJtw2rbrB2ZkcYnc%2FDsJqF60DUJZC3SW4I6QahGRIFGbGnQVTXe93uMaUZLPJF0NO2KhSZRyAA1PlQVpyhcsDTA%3D%3D
[debug] [2025-10-12T19:23:50.911Z] >>> [apiv2][body] PUT https://storage.googleapis.com/uploads-896853019183.us-central1.cloudfunctions.appspot.com/6b4609b6-0535-4391-805c-26d410707580.zip [stream]
[debug] [2025-10-12T19:23:51.159Z] <<< [apiv2][status] PUT https://storage.googleapis.com/uploads-896853019183.us-central1.cloudfunctions.appspot.com/6b4609b6-0535-4391-805c-26d410707580.zip 200
[debug] [2025-10-12T19:23:51.160Z] <<< [apiv2][body] PUT https://storage.googleapis.com/uploads-896853019183.us-central1.cloudfunctions.appspot.com/6b4609b6-0535-4391-805c-26d410707580.zip [omitted]
[info] ✔  functions: functions source uploaded successfully 
[info] i  functions: updating Node.js 18 (1st Gen) function sendNotification(us-central1)... 
[debug] [2025-10-12T19:23:51.165Z] Checked if tokens are valid: true, expires at: 1760300596173
[debug] [2025-10-12T19:23:51.165Z] Checked if tokens are valid: true, expires at: 1760300596173
[debug] [2025-10-12T19:23:51.166Z] >>> [apiv2][query] PATCH https://cloudfunctions.googleapis.com/v1/projects/loop-84b2b/locations/us-central1/functions/sendNotification updateMask=name%2CsourceUploadUrl%2CentryPoint%2Cruntime%2CdockerRegistry%2Clabels%2ChttpsTrigger.securityLevel%2CminInstances%2CmaxInstances%2CingressSettings%2CenvironmentVariables%2CserviceAccountEmail%2CavailableMemoryMb%2Ctimeout%2CvpcConnector%2CvpcConnectorEgressSettings%2CsourceToken%2CbuildEnvironmentVariables
[debug] [2025-10-12T19:23:51.166Z] >>> [apiv2][body] PATCH https://cloudfunctions.googleapis.com/v1/projects/loop-84b2b/locations/us-central1/functions/sendNotification {"name":"projects/loop-84b2b/locations/us-central1/functions/sendNotification","sourceUploadUrl":"https://storage.googleapis.com/uploads-896853019183.us-central1.cloudfunctions.appspot.com/6b4609b6-0535-4391-805c-26d410707580.zip?GoogleAccessId=service-756241258010@gcf-admin-robot.iam.gserviceaccount.com&Expires=1760298830&Signature=kV05RL%2FFds8fk%2FHtRyHWeGUOVM2oxiU%2BGOArvCFRPds0%2FjlojquQ2hrFrvtKW78lAtjnAWbe3W02i8mHV%2BAnnQDVhmatr3%2BWYn9pT8h8LKFuCiB4cskR3NDajwo4TPcXLZwyfPUYajNlS%2FmyEarymlNWLTeZ%2FeyfEJWccBG%2FEhRUze4Yx8EzX%2FLyJ9TuMpjak75jz27yN0vlv2l%2FiqQHRXUyDxOYrPpBhLweIdWXpecezQht3Np6PFBdUue607kkJtw2rbrB2ZkcYnc%2FDsJqF60DUJZC3SW4I6QahGRIFGbGnQVTXe93uMaUZLPJF0NO2KhSZRyAA1PlQVpyhcsDTA%3D%3D","entryPoint":"sendNotification","runtime":"nodejs18","dockerRegistry":"ARTIFACT_REGISTRY","labels":{"deployment-tool":"cli-firebase","deployment-callable":"true","firebase-functions-hash":"0bf52cb8a8550d4d3881129125b80f11e5e2d33c"},"httpsTrigger":{"securityLevel":"SECURE_ALWAYS"},"minInstances":null,"maxInstances":null,"ingressSettings":null,"environmentVariables":{"FIREBASE_CONFIG":"{\"projectId\":\"loop-84b2b\",\"storageBucket\":\"loop-84b2b.firebasestorage.app\"}","GCLOUD_PROJECT":"loop-84b2b","EVENTARC_CLOUD_EVENT_SOURCE":"projects/loop-84b2b/locations/us-central1/functions/sendNotification"},"serviceAccountEmail":null,"availableMemoryMb":null,"timeout":null,"vpcConnector":null,"vpcConnectorEgressSettings":null,"buildEnvironmentVariables":{"GOOGLE_NODE_RUN_SCRIPTS":""}}
[debug] [2025-10-12T19:23:51.540Z] <<< [apiv2][status] PATCH https://cloudfunctions.googleapis.com/v1/projects/loop-84b2b/locations/us-central1/functions/sendNotification 200
[debug] [2025-10-12T19:23:51.541Z] <<< [apiv2][body] PATCH https://cloudfunctions.googleapis.com/v1/projects/loop-84b2b/locations/us-central1/functions/sendNotification {"name":"operations/bG9vcC04NGIyYi91cy1jZW50cmFsMS9zZW5kTm90aWZpY2F0aW9uL1Z2Qm1Eb2ZUZVpR","metadata":{"@type":"type.googleapis.com/google.cloud.functions.v1.OperationMetadataV1","target":"projects/loop-84b2b/locations/us-central1/functions/sendNotification","type":"UPDATE_FUNCTION","request":{"@type":"type.googleapis.com/google.cloud.functions.v1.CloudFunction","name":"projects/loop-84b2b/locations/us-central1/functions/sendNotification","httpsTrigger":{"url":"https://us-central1-loop-84b2b.cloudfunctions.net/sendNotification","securityLevel":"SECURE_ALWAYS"},"status":"ACTIVE","entryPoint":"sendNotification","updateTime":"2025-10-12T18:51:03.494Z","versionId":"2","labels":{"deployment-tool":"cli-firebase","deployment-callable":"true","firebase-functions-hash":"0bf52cb8a8550d4d3881129125b80f11e5e2d33c"},"sourceUploadUrl":"https://storage.googleapis.com/uploads-896853019183.us-central1.cloudfunctions.appspot.com/6b4609b6-0535-4391-805c-26d410707580.zip?GoogleAccessId=service-756241258010@gcf-admin-robot.iam.gserviceaccount.com&Expires=1760298830&Signature=kV05RL%2FFds8fk%2FHtRyHWeGUOVM2oxiU%2BGOArvCFRPds0%2FjlojquQ2hrFrvtKW78lAtjnAWbe3W02i8mHV%2BAnnQDVhmatr3%2BWYn9pT8h8LKFuCiB4cskR3NDajwo4TPcXLZwyfPUYajNlS%2FmyEarymlNWLTeZ%2FeyfEJWccBG%2FEhRUze4Yx8EzX%2FLyJ9TuMpjak75jz27yN0vlv2l%2FiqQHRXUyDxOYrPpBhLweIdWXpecezQht3Np6PFBdUue607kkJtw2rbrB2ZkcYnc%2FDsJqF60DUJZC3SW4I6QahGRIFGbGnQVTXe93uMaUZLPJF0NO2KhSZRyAA1PlQVpyhcsDTA%3D%3D","environmentVariables":{"FIREBASE_CONFIG":"{\"projectId\":\"loop-84b2b\",\"storageBucket\":\"loop-84b2b.firebasestorage.app\"}","GCLOUD_PROJECT":"loop-84b2b","EVENTARC_CLOUD_EVENT_SOURCE":"projects/loop-84b2b/locations/us-central1/functions/sendNotification"},"runtime":"nodejs18","buildId":"19bceec6-968a-463e-bca3-c4d9372ed4eb","buildEnvironmentVariables":{"GOOGLE_NODE_RUN_SCRIPTS":""},"buildName":"projects/756241258010/locations/us-central1/builds/19bceec6-968a-463e-bca3-c4d9372ed4eb","dockerRegistry":"ARTIFACT_REGISTRY","automaticUpdatePolicy":{},"buildServiceAccount":"projects/loop-84b2b/serviceAccounts/756241258010-compute@developer.gserviceaccount.com"},"versionId":"3","updateTime":"2025-10-12T19:23:51Z"}}
[debug] [2025-10-12T19:23:51.541Z] Checked if tokens are valid: true, expires at: 1760300596173
[debug] [2025-10-12T19:23:51.541Z] Checked if tokens are valid: true, expires at: 1760300596173
[debug] [2025-10-12T19:23:51.542Z] >>> [apiv2][query] GET https://cloudfunctions.googleapis.com/v1/operations/bG9vcC04NGIyYi91cy1jZW50cmFsMS9zZW5kTm90aWZpY2F0aW9uL1Z2Qm1Eb2ZUZVpR [none]
[debug] [2025-10-12T19:23:51.669Z] <<< [apiv2][status] GET https://cloudfunctions.googleapis.com/v1/operations/bG9vcC04NGIyYi91cy1jZW50cmFsMS9zZW5kTm90aWZpY2F0aW9uL1Z2Qm1Eb2ZUZVpR 200
[debug] [2025-10-12T19:23:51.669Z] <<< [apiv2][body] GET https://cloudfunctions.googleapis.com/v1/operations/bG9vcC04NGIyYi91cy1jZW50cmFsMS9zZW5kTm90aWZpY2F0aW9uL1Z2Qm1Eb2ZUZVpR {"name":"operations/bG9vcC04NGIyYi91cy1jZW50cmFsMS9zZW5kTm90aWZpY2F0aW9uL1Z2Qm1Eb2ZUZVpR","metadata":{"@type":"type.googleapis.com/google.cloud.functions.v1.OperationMetadataV1","target":"projects/loop-84b2b/locations/us-central1/functions/sendNotification","type":"UPDATE_FUNCTION","request":{"@type":"type.googleapis.com/google.cloud.functions.v1.CloudFunction","name":"projects/loop-84b2b/locations/us-central1/functions/sendNotification","httpsTrigger":{"url":"https://us-central1-loop-84b2b.cloudfunctions.net/sendNotification","securityLevel":"SECURE_ALWAYS"},"status":"ACTIVE","entryPoint":"sendNotification","updateTime":"2025-10-12T18:51:03.494Z","versionId":"2","labels":{"deployment-tool":"cli-firebase","deployment-callable":"true","firebase-functions-hash":"0bf52cb8a8550d4d3881129125b80f11e5e2d33c"},"sourceUploadUrl":"https://storage.googleapis.com/uploads-896853019183.us-central1.cloudfunctions.appspot.com/6b4609b6-0535-4391-805c-26d410707580.zip?GoogleAccessId=service-756241258010@gcf-admin-robot.iam.gserviceaccount.com&Expires=1760298830&Signature=kV05RL%2FFds8fk%2FHtRyHWeGUOVM2oxiU%2BGOArvCFRPds0%2FjlojquQ2hrFrvtKW78lAtjnAWbe3W02i8mHV%2BAnnQDVhmatr3%2BWYn9pT8h8LKFuCiB4cskR3NDajwo4TPcXLZwyfPUYajNlS%2FmyEarymlNWLTeZ%2FeyfEJWccBG%2FEhRUze4Yx8EzX%2FLyJ9TuMpjak75jz27yN0vlv2l%2FiqQHRXUyDxOYrPpBhLweIdWXpecezQht3Np6PFBdUue607kkJtw2rbrB2ZkcYnc%2FDsJqF60DUJZC3SW4I6QahGRIFGbGnQVTXe93uMaUZLPJF0NO2KhSZRyAA1PlQVpyhcsDTA%3D%3D","environmentVariables":{"FIREBASE_CONFIG":"{\"projectId\":\"loop-84b2b\",\"storageBucket\":\"loop-84b2b.firebasestorage.app\"}","GCLOUD_PROJECT":"loop-84b2b","EVENTARC_CLOUD_EVENT_SOURCE":"projects/loop-84b2b/locations/us-central1/functions/sendNotification"},"runtime":"nodejs18","buildId":"19bceec6-968a-463e-bca3-c4d9372ed4eb","buildEnvironmentVariables":{"GOOGLE_NODE_RUN_SCRIPTS":""},"buildName":"projects/756241258010/locations/us-central1/builds/19bceec6-968a-463e-bca3-c4d9372ed4eb","dockerRegistry":"ARTIFACT_REGISTRY","automaticUpdatePolicy":{},"buildServiceAccount":"projects/loop-84b2b/serviceAccounts/756241258010-compute@developer.gserviceaccount.com"},"versionId":"3","updateTime":"2025-10-12T19:23:51Z"}}
[debug] [2025-10-12T19:23:52.172Z] [update-default-us-central1-sendNotification] Retrying task index 0
[debug] [2025-10-12T19:23:52.174Z] Checked if tokens are valid: true, expires at: 1760300596173
[debug] [2025-10-12T19:23:52.174Z] Checked if tokens are valid: true, expires at: 1760300596173
[debug] [2025-10-12T19:23:52.175Z] >>> [apiv2][query] GET https://cloudfunctions.googleapis.com/v1/operations/bG9vcC04NGIyYi91cy1jZW50cmFsMS9zZW5kTm90aWZpY2F0aW9uL1Z2Qm1Eb2ZUZVpR [none]
[debug] [2025-10-12T19:23:52.281Z] <<< [apiv2][status] GET https://cloudfunctions.googleapis.com/v1/operations/bG9vcC04NGIyYi91cy1jZW50cmFsMS9zZW5kTm90aWZpY2F0aW9uL1Z2Qm1Eb2ZUZVpR 200
[debug] [2025-10-12T19:23:52.281Z] <<< [apiv2][body] GET https://cloudfunctions.googleapis.com/v1/operations/bG9vcC04NGIyYi91cy1jZW50cmFsMS9zZW5kTm90aWZpY2F0aW9uL1Z2Qm1Eb2ZUZVpR {"name":"operations/bG9vcC04NGIyYi91cy1jZW50cmFsMS9zZW5kTm90aWZpY2F0aW9uL1Z2Qm1Eb2ZUZVpR","metadata":{"@type":"type.googleapis.com/google.cloud.functions.v1.OperationMetadataV1","target":"projects/loop-84b2b/locations/us-central1/functions/sendNotification","type":"UPDATE_FUNCTION","request":{"@type":"type.googleapis.com/google.cloud.functions.v1.CloudFunction","name":"projects/loop-84b2b/locations/us-central1/functions/sendNotification","httpsTrigger":{"url":"https://us-central1-loop-84b2b.cloudfunctions.net/sendNotification","securityLevel":"SECURE_ALWAYS"},"status":"ACTIVE","entryPoint":"sendNotification","updateTime":"2025-10-12T18:51:03.494Z","versionId":"2","labels":{"deployment-tool":"cli-firebase","deployment-callable":"true","firebase-functions-hash":"0bf52cb8a8550d4d3881129125b80f11e5e2d33c"},"sourceUploadUrl":"https://storage.googleapis.com/uploads-896853019183.us-central1.cloudfunctions.appspot.com/6b4609b6-0535-4391-805c-26d410707580.zip?GoogleAccessId=service-756241258010@gcf-admin-robot.iam.gserviceaccount.com&Expires=1760298830&Signature=kV05RL%2FFds8fk%2FHtRyHWeGUOVM2oxiU%2BGOArvCFRPds0%2FjlojquQ2hrFrvtKW78lAtjnAWbe3W02i8mHV%2BAnnQDVhmatr3%2BWYn9pT8h8LKFuCiB4cskR3NDajwo4TPcXLZwyfPUYajNlS%2FmyEarymlNWLTeZ%2FeyfEJWccBG%2FEhRUze4Yx8EzX%2FLyJ9TuMpjak75jz27yN0vlv2l%2FiqQHRXUyDxOYrPpBhLweIdWXpecezQht3Np6PFBdUue607kkJtw2rbrB2ZkcYnc%2FDsJqF60DUJZC3SW4I6QahGRIFGbGnQVTXe93uMaUZLPJF0NO2KhSZRyAA1PlQVpyhcsDTA%3D%3D","environmentVariables":{"FIREBASE_CONFIG":"{\"projectId\":\"loop-84b2b\",\"storageBucket\":\"loop-84b2b.firebasestorage.app\"}","GCLOUD_PROJECT":"loop-84b2b","EVENTARC_CLOUD_EVENT_SOURCE":"projects/loop-84b2b/locations/us-central1/functions/sendNotification"},"runtime":"nodejs18","buildId":"19bceec6-968a-463e-bca3-c4d9372ed4eb","buildEnvironmentVariables":{"GOOGLE_NODE_RUN_SCRIPTS":""},"buildName":"projects/756241258010/locations/us-central1/builds/19bceec6-968a-463e-bca3-c4d9372ed4eb","dockerRegistry":"ARTIFACT_REGISTRY","automaticUpdatePolicy":{},"buildServiceAccount":"projects/loop-84b2b/serviceAccounts/756241258010-compute@developer.gserviceaccount.com"},"versionId":"3","updateTime":"2025-10-12T19:23:51Z"}}
[debug] [2025-10-12T19:23:53.283Z] [update-default-us-central1-sendNotification] Retrying task index 0
[debug] [2025-10-12T19:23:53.284Z] Checked if tokens are valid: true, expires at: 1760300596173
[debug] [2025-10-12T19:23:53.284Z] Checked if tokens are valid: true, expires at: 1760300596173
[debug] [2025-10-12T19:23:53.284Z] >>> [apiv2][query] GET https://cloudfunctions.googleapis.com/v1/operations/bG9vcC04NGIyYi91cy1jZW50cmFsMS9zZW5kTm90aWZpY2F0aW9uL1Z2Qm1Eb2ZUZVpR [none]
[debug] [2025-10-12T19:23:53.644Z] <<< [apiv2][status] GET https://cloudfunctions.googleapis.com/v1/operations/bG9vcC04NGIyYi91cy1jZW50cmFsMS9zZW5kTm90aWZpY2F0aW9uL1Z2Qm1Eb2ZUZVpR 200
[debug] [2025-10-12T19:23:53.645Z] <<< [apiv2][body] GET https://cloudfunctions.googleapis.com/v1/operations/bG9vcC04NGIyYi91cy1jZW50cmFsMS9zZW5kTm90aWZpY2F0aW9uL1Z2Qm1Eb2ZUZVpR {"name":"operations/bG9vcC04NGIyYi91cy1jZW50cmFsMS9zZW5kTm90aWZpY2F0aW9uL1Z2Qm1Eb2ZUZVpR","metadata":{"@type":"type.googleapis.com/google.cloud.functions.v1.OperationMetadataV1","target":"projects/loop-84b2b/locations/us-central1/functions/sendNotification","type":"UPDATE_FUNCTION","request":{"@type":"type.googleapis.com/google.cloud.functions.v1.CloudFunction","name":"projects/loop-84b2b/locations/us-central1/functions/sendNotification","httpsTrigger":{"url":"https://us-central1-loop-84b2b.cloudfunctions.net/sendNotification","securityLevel":"SECURE_ALWAYS"},"status":"ACTIVE","entryPoint":"sendNotification","updateTime":"2025-10-12T18:51:03.494Z","versionId":"2","labels":{"deployment-tool":"cli-firebase","deployment-callable":"true","firebase-functions-hash":"0bf52cb8a8550d4d3881129125b80f11e5e2d33c"},"sourceUploadUrl":"https://storage.googleapis.com/uploads-896853019183.us-central1.cloudfunctions.appspot.com/6b4609b6-0535-4391-805c-26d410707580.zip?GoogleAccessId=service-756241258010@gcf-admin-robot.iam.gserviceaccount.com&Expires=1760298830&Signature=kV05RL%2FFds8fk%2FHtRyHWeGUOVM2oxiU%2BGOArvCFRPds0%2FjlojquQ2hrFrvtKW78lAtjnAWbe3W02i8mHV%2BAnnQDVhmatr3%2BWYn9pT8h8LKFuCiB4cskR3NDajwo4TPcXLZwyfPUYajNlS%2FmyEarymlNWLTeZ%2FeyfEJWccBG%2FEhRUze4Yx8EzX%2FLyJ9TuMpjak75jz27yN0vlv2l%2FiqQHRXUyDxOYrPpBhLweIdWXpecezQht3Np6PFBdUue607kkJtw2rbrB2ZkcYnc%2FDsJqF60DUJZC3SW4I6QahGRIFGbGnQVTXe93uMaUZLPJF0NO2KhSZRyAA1PlQVpyhcsDTA%3D%3D","environmentVariables":{"FIREBASE_CONFIG":"{\"projectId\":\"loop-84b2b\",\"storageBucket\":\"loop-84b2b.firebasestorage.app\"}","GCLOUD_PROJECT":"loop-84b2b","EVENTARC_CLOUD_EVENT_SOURCE":"projects/loop-84b2b/locations/us-central1/functions/sendNotification"},"runtime":"nodejs18","buildId":"19bceec6-968a-463e-bca3-c4d9372ed4eb","buildEnvironmentVariables":{"GOOGLE_NODE_RUN_SCRIPTS":""},"buildName":"projects/756241258010/locations/us-central1/builds/19bceec6-968a-463e-bca3-c4d9372ed4eb","dockerRegistry":"ARTIFACT_REGISTRY","automaticUpdatePolicy":{},"buildServiceAccount":"projects/loop-84b2b/serviceAccounts/756241258010-compute@developer.gserviceaccount.com"},"versionId":"3","updateTime":"2025-10-12T19:23:51Z","buildId":"9c85a1db-69d8-435e-86d4-c2e5a9853b38","buildName":"projects/756241258010/locations/us-central1/builds/9c85a1db-69d8-435e-86d4-c2e5a9853b38"}}
[debug] [2025-10-12T19:23:55.646Z] [update-default-us-central1-sendNotification] Retrying task index 0
[debug] [2025-10-12T19:23:55.647Z] Checked if tokens are valid: true, expires at: 1760300596173
[debug] [2025-10-12T19:23:55.647Z] Checked if tokens are valid: true, expires at: 1760300596173
[debug] [2025-10-12T19:23:55.647Z] >>> [apiv2][query] GET https://cloudfunctions.googleapis.com/v1/operations/bG9vcC04NGIyYi91cy1jZW50cmFsMS9zZW5kTm90aWZpY2F0aW9uL1Z2Qm1Eb2ZUZVpR [none]
[debug] [2025-10-12T19:23:55.797Z] <<< [apiv2][status] GET https://cloudfunctions.googleapis.com/v1/operations/bG9vcC04NGIyYi91cy1jZW50cmFsMS9zZW5kTm90aWZpY2F0aW9uL1Z2Qm1Eb2ZUZVpR 200
[debug] [2025-10-12T19:23:55.797Z] <<< [apiv2][body] GET https://cloudfunctions.googleapis.com/v1/operations/bG9vcC04NGIyYi91cy1jZW50cmFsMS9zZW5kTm90aWZpY2F0aW9uL1Z2Qm1Eb2ZUZVpR {"name":"operations/bG9vcC04NGIyYi91cy1jZW50cmFsMS9zZW5kTm90aWZpY2F0aW9uL1Z2Qm1Eb2ZUZVpR","metadata":{"@type":"type.googleapis.com/google.cloud.functions.v1.OperationMetadataV1","target":"projects/loop-84b2b/locations/us-central1/functions/sendNotification","type":"UPDATE_FUNCTION","request":{"@type":"type.googleapis.com/google.cloud.functions.v1.CloudFunction","name":"projects/loop-84b2b/locations/us-central1/functions/sendNotification","httpsTrigger":{"url":"https://us-central1-loop-84b2b.cloudfunctions.net/sendNotification","securityLevel":"SECURE_ALWAYS"},"status":"ACTIVE","entryPoint":"sendNotification","updateTime":"2025-10-12T18:51:03.494Z","versionId":"2","labels":{"deployment-tool":"cli-firebase","deployment-callable":"true","firebase-functions-hash":"0bf52cb8a8550d4d3881129125b80f11e5e2d33c"},"sourceUploadUrl":"https://storage.googleapis.com/uploads-896853019183.us-central1.cloudfunctions.appspot.com/6b4609b6-0535-4391-805c-26d410707580.zip?GoogleAccessId=service-756241258010@gcf-admin-robot.iam.gserviceaccount.com&Expires=1760298830&Signature=kV05RL%2FFds8fk%2FHtRyHWeGUOVM2oxiU%2BGOArvCFRPds0%2FjlojquQ2hrFrvtKW78lAtjnAWbe3W02i8mHV%2BAnnQDVhmatr3%2BWYn9pT8h8LKFuCiB4cskR3NDajwo4TPcXLZwyfPUYajNlS%2FmyEarymlNWLTeZ%2FeyfEJWccBG%2FEhRUze4Yx8EzX%2FLyJ9TuMpjak75jz27yN0vlv2l%2FiqQHRXUyDxOYrPpBhLweIdWXpecezQht3Np6PFBdUue607kkJtw2rbrB2ZkcYnc%2FDsJqF60DUJZC3SW4I6QahGRIFGbGnQVTXe93uMaUZLPJF0NO2KhSZRyAA1PlQVpyhcsDTA%3D%3D","environmentVariables":{"FIREBASE_CONFIG":"{\"projectId\":\"loop-84b2b\",\"storageBucket\":\"loop-84b2b.firebasestorage.app\"}","GCLOUD_PROJECT":"loop-84b2b","EVENTARC_CLOUD_EVENT_SOURCE":"projects/loop-84b2b/locations/us-central1/functions/sendNotification"},"runtime":"nodejs18","buildId":"19bceec6-968a-463e-bca3-c4d9372ed4eb","buildEnvironmentVariables":{"GOOGLE_NODE_RUN_SCRIPTS":""},"buildName":"projects/756241258010/locations/us-central1/builds/19bceec6-968a-463e-bca3-c4d9372ed4eb","dockerRegistry":"ARTIFACT_REGISTRY","automaticUpdatePolicy":{},"buildServiceAccount":"projects/loop-84b2b/serviceAccounts/756241258010-compute@developer.gserviceaccount.com"},"versionId":"3","updateTime":"2025-10-12T19:23:51Z","buildId":"9c85a1db-69d8-435e-86d4-c2e5a9853b38","buildName":"projects/756241258010/locations/us-central1/builds/9c85a1db-69d8-435e-86d4-c2e5a9853b38"}}
[debug] [2025-10-12T19:23:59.800Z] [update-default-us-central1-sendNotification] Retrying task index 0
[debug] [2025-10-12T19:23:59.801Z] Checked if tokens are valid: true, expires at: 1760300596173
[debug] [2025-10-12T19:23:59.801Z] Checked if tokens are valid: true, expires at: 1760300596173
[debug] [2025-10-12T19:23:59.802Z] >>> [apiv2][query] GET https://cloudfunctions.googleapis.com/v1/operations/bG9vcC04NGIyYi91cy1jZW50cmFsMS9zZW5kTm90aWZpY2F0aW9uL1Z2Qm1Eb2ZUZVpR [none]
[debug] [2025-10-12T19:24:00.090Z] <<< [apiv2][status] GET https://cloudfunctions.googleapis.com/v1/operations/bG9vcC04NGIyYi91cy1jZW50cmFsMS9zZW5kTm90aWZpY2F0aW9uL1Z2Qm1Eb2ZUZVpR 200
[debug] [2025-10-12T19:24:00.090Z] <<< [apiv2][body] GET https://cloudfunctions.googleapis.com/v1/operations/bG9vcC04NGIyYi91cy1jZW50cmFsMS9zZW5kTm90aWZpY2F0aW9uL1Z2Qm1Eb2ZUZVpR {"name":"operations/bG9vcC04NGIyYi91cy1jZW50cmFsMS9zZW5kTm90aWZpY2F0aW9uL1Z2Qm1Eb2ZUZVpR","metadata":{"@type":"type.googleapis.com/google.cloud.functions.v1.OperationMetadataV1","target":"projects/loop-84b2b/locations/us-central1/functions/sendNotification","type":"UPDATE_FUNCTION","request":{"@type":"type.googleapis.com/google.cloud.functions.v1.CloudFunction","name":"projects/loop-84b2b/locations/us-central1/functions/sendNotification","httpsTrigger":{"url":"https://us-central1-loop-84b2b.cloudfunctions.net/sendNotification","securityLevel":"SECURE_ALWAYS"},"status":"ACTIVE","entryPoint":"sendNotification","updateTime":"2025-10-12T18:51:03.494Z","versionId":"2","labels":{"deployment-tool":"cli-firebase","deployment-callable":"true","firebase-functions-hash":"0bf52cb8a8550d4d3881129125b80f11e5e2d33c"},"sourceUploadUrl":"https://storage.googleapis.com/uploads-896853019183.us-central1.cloudfunctions.appspot.com/6b4609b6-0535-4391-805c-26d410707580.zip?GoogleAccessId=service-756241258010@gcf-admin-robot.iam.gserviceaccount.com&Expires=1760298830&Signature=kV05RL%2FFds8fk%2FHtRyHWeGUOVM2oxiU%2BGOArvCFRPds0%2FjlojquQ2hrFrvtKW78lAtjnAWbe3W02i8mHV%2BAnnQDVhmatr3%2BWYn9pT8h8LKFuCiB4cskR3NDajwo4TPcXLZwyfPUYajNlS%2FmyEarymlNWLTeZ%2FeyfEJWccBG%2FEhRUze4Yx8EzX%2FLyJ9TuMpjak75jz27yN0vlv2l%2FiqQHRXUyDxOYrPpBhLweIdWXpecezQht3Np6PFBdUue607kkJtw2rbrB2ZkcYnc%2FDsJqF60DUJZC3SW4I6QahGRIFGbGnQVTXe93uMaUZLPJF0NO2KhSZRyAA1PlQVpyhcsDTA%3D%3D","environmentVariables":{"FIREBASE_CONFIG":"{\"projectId\":\"loop-84b2b\",\"storageBucket\":\"loop-84b2b.firebasestorage.app\"}","GCLOUD_PROJECT":"loop-84b2b","EVENTARC_CLOUD_EVENT_SOURCE":"projects/loop-84b2b/locations/us-central1/functions/sendNotification"},"runtime":"nodejs18","buildId":"19bceec6-968a-463e-bca3-c4d9372ed4eb","buildEnvironmentVariables":{"GOOGLE_NODE_RUN_SCRIPTS":""},"buildName":"projects/756241258010/locations/us-central1/builds/19bceec6-968a-463e-bca3-c4d9372ed4eb","dockerRegistry":"ARTIFACT_REGISTRY","automaticUpdatePolicy":{},"buildServiceAccount":"projects/loop-84b2b/serviceAccounts/756241258010-compute@developer.gserviceaccount.com"},"versionId":"3","updateTime":"2025-10-12T19:23:51Z","buildId":"9c85a1db-69d8-435e-86d4-c2e5a9853b38","buildName":"projects/756241258010/locations/us-central1/builds/9c85a1db-69d8-435e-86d4-c2e5a9853b38"}}
[debug] [2025-10-12T19:24:08.092Z] [update-default-us-central1-sendNotification] Retrying task index 0
[debug] [2025-10-12T19:24:08.093Z] Checked if tokens are valid: true, expires at: 1760300596173
[debug] [2025-10-12T19:24:08.093Z] Checked if tokens are valid: true, expires at: 1760300596173
[debug] [2025-10-12T19:24:08.093Z] >>> [apiv2][query] GET https://cloudfunctions.googleapis.com/v1/operations/bG9vcC04NGIyYi91cy1jZW50cmFsMS9zZW5kTm90aWZpY2F0aW9uL1Z2Qm1Eb2ZUZVpR [none]
[debug] [2025-10-12T19:24:08.302Z] <<< [apiv2][status] GET https://cloudfunctions.googleapis.com/v1/operations/bG9vcC04NGIyYi91cy1jZW50cmFsMS9zZW5kTm90aWZpY2F0aW9uL1Z2Qm1Eb2ZUZVpR 200
[debug] [2025-10-12T19:24:08.303Z] <<< [apiv2][body] GET https://cloudfunctions.googleapis.com/v1/operations/bG9vcC04NGIyYi91cy1jZW50cmFsMS9zZW5kTm90aWZpY2F0aW9uL1Z2Qm1Eb2ZUZVpR {"name":"operations/bG9vcC04NGIyYi91cy1jZW50cmFsMS9zZW5kTm90aWZpY2F0aW9uL1Z2Qm1Eb2ZUZVpR","metadata":{"@type":"type.googleapis.com/google.cloud.functions.v1.OperationMetadataV1","target":"projects/loop-84b2b/locations/us-central1/functions/sendNotification","type":"UPDATE_FUNCTION","request":{"@type":"type.googleapis.com/google.cloud.functions.v1.CloudFunction","name":"projects/loop-84b2b/locations/us-central1/functions/sendNotification","httpsTrigger":{"url":"https://us-central1-loop-84b2b.cloudfunctions.net/sendNotification","securityLevel":"SECURE_ALWAYS"},"status":"ACTIVE","entryPoint":"sendNotification","updateTime":"2025-10-12T18:51:03.494Z","versionId":"2","labels":{"deployment-tool":"cli-firebase","deployment-callable":"true","firebase-functions-hash":"0bf52cb8a8550d4d3881129125b80f11e5e2d33c"},"sourceUploadUrl":"https://storage.googleapis.com/uploads-896853019183.us-central1.cloudfunctions.appspot.com/6b4609b6-0535-4391-805c-26d410707580.zip?GoogleAccessId=service-756241258010@gcf-admin-robot.iam.gserviceaccount.com&Expires=1760298830&Signature=kV05RL%2FFds8fk%2FHtRyHWeGUOVM2oxiU%2BGOArvCFRPds0%2FjlojquQ2hrFrvtKW78lAtjnAWbe3W02i8mHV%2BAnnQDVhmatr3%2BWYn9pT8h8LKFuCiB4cskR3NDajwo4TPcXLZwyfPUYajNlS%2FmyEarymlNWLTeZ%2FeyfEJWccBG%2FEhRUze4Yx8EzX%2FLyJ9TuMpjak75jz27yN0vlv2l%2FiqQHRXUyDxOYrPpBhLweIdWXpecezQht3Np6PFBdUue607kkJtw2rbrB2ZkcYnc%2FDsJqF60DUJZC3SW4I6QahGRIFGbGnQVTXe93uMaUZLPJF0NO2KhSZRyAA1PlQVpyhcsDTA%3D%3D","environmentVariables":{"FIREBASE_CONFIG":"{\"projectId\":\"loop-84b2b\",\"storageBucket\":\"loop-84b2b.firebasestorage.app\"}","GCLOUD_PROJECT":"loop-84b2b","EVENTARC_CLOUD_EVENT_SOURCE":"projects/loop-84b2b/locations/us-central1/functions/sendNotification"},"runtime":"nodejs18","buildId":"19bceec6-968a-463e-bca3-c4d9372ed4eb","buildEnvironmentVariables":{"GOOGLE_NODE_RUN_SCRIPTS":""},"buildName":"projects/756241258010/locations/us-central1/builds/19bceec6-968a-463e-bca3-c4d9372ed4eb","dockerRegistry":"ARTIFACT_REGISTRY","automaticUpdatePolicy":{},"buildServiceAccount":"projects/loop-84b2b/serviceAccounts/756241258010-compute@developer.gserviceaccount.com"},"versionId":"3","updateTime":"2025-10-12T19:23:51Z","buildId":"9c85a1db-69d8-435e-86d4-c2e5a9853b38","buildName":"projects/756241258010/locations/us-central1/builds/9c85a1db-69d8-435e-86d4-c2e5a9853b38"}}
